// Jest Snapshot v1, https://goo.gl/fbAQLP

exports[`matches snapshot 1`] = `
<DocumentFragment>
  <div
    class="Home jumbotron"
  >
    <h1
      class="display-4"
    >
      Jobly
    </h1>
    <p
      class="lead"
    >
      All the jobs in one, convenient place.
    </p>
    Welcome Back!
  </div>
</DocumentFragment>
`;
